---
source: tests/tui_snapshots.rs
expression: frame
---
" fast-folder   library │ templates   2 bases                                                             highest ID0248 "
" → projects 12   archive not mounted                                                                ⚠ 1 needs attention "
"                                                                                                                        "
" ⌕ / to search                                                                                           12/12 · newest "
"┌ projects ────────────────────────────────────────────────────────────┐┌ ID0248 ──────────────────────────────────────┐"
"│  ID     PROJECT                                                 SIZE ││2026-08-28_Lullaby_Remix_ID0248               │"
"│▸ ID0248 2026-08-28_Lullaby_Remix_ID0248                    scanning… ││music-video · projects · created 2026-08-28   │"
"│  ID0247 2026-08-27_Client_Onboarding_Acme_ID0247           scanning… ││scanning…   ·   1 note   ·   0/1 todos done   │"
"│  ID0246 2026-08-26_Old_Shoot_ID0246                        scanning… ││── tags ──────────────────────────────────────│"
"│  ID0245 2026-08-25_Test_Run_ID0245                         scanning… ││● draft                                       │"
"│  ID0244 2026-08-24_Spring_Campaign_ID0244                  scanning… ││· add a tag                                   │"
"│  ID0243 2026-08-23_Live_Session_ID0243                     scanning… ││── notes ─────────────────────────────────────│"
"│  ID0242 2026-08-22_Lullaby_Remix_ID0242                    scanning… ││2026-09-11 the client wants the second verse  │"
"│  ID0241 2026-08-21_Client_Onboarding_Acme_ID0241           scanning… ││           recut around the new vocal take,   │"
"│  ID0240 2026-08-20_Old_Shoot_ID0240                        scanning… ││           with the chorus lights left as they│"
"│  ID0239 2026-08-19_Test_Run_ID0239                         scanning… ││           were on Friday                     │"
"│  ID0238 2026-08-18_Spring_Campaign_ID0238                  scanning… ││           then colour                        │"
"│  ID0237 2026-08-17_Live_Session_ID0237                     scanning… ││· add a note                                  │"
"│                                                                      ││── todo ──────────────────────────────────────│"
"│                                                                      ││[ ] send the rough cut to the label and ask   │"
"│                                                                      ││    whether the lyric video is in scope       │"
"│                                                                      ││· add a todo                                  │"
"│                                                                      ││                                              │"
"│                                                                      ││                                              │"
"│                                                                      ││                                              │"
"│                                                                      ││                                              │"
"│                                                                      ││                                              │"
"│                                                                      ││                                              │"
"│                                                                      ││                                              │"
"│                                                                      ││                                              │"
"│                                                                      ││                                              │"
"│                                                                      ││                                              │"
"│                                                                      ││                                              │"
"│                                                                      ││                                              │"
"│                                                                      ││                                              │"
"│                                                                      ││                                              │"
"│                                                                      ││                                              │"
"└──────────────────────────────────────────────────────────────────────┘└──────────────────────────────────────────────┘"
"                                                                                                                        "
" / search  a actions  o open  t terminal  y copy path  Space mark  n new  T templates  → pane  ? help  c commands       "
