---
source: tests/tui_snapshots.rs
expression: frame
---
" fastf  ◈ 12 projects · ⬡ 3 templates · ⌂ 2 bases · ▲ ID0248 · ⚠ 1 needs attention                  "
" bases  → projects (12)  ·  archive (not mounted)                                                   "
" ── pulse ──  client-project ████████ 4   general ████████ 4   music-video ████████ 4               "
" newest ID0248 2026-08-28_Lullaby_Remix_ID0248                                                      "
" ⌕ / to search  ·  words match a name, id, template or tag; tag:x  template=y  cr…   12/12 · newest "
"┌ ◈ projects ──┌ commands ──────────────────────────────────────────────────────────┐──────────────┐"
"│  ID     PROJE│ ⌕ open                                                             │_ID0248       │"
"│▸ ID0248 2026-│                                                                    │ created      │"
"│  ID0247 2026-│ Open project folder  · reveal it in the file manager             o │              │"
"│  ID0246 2026-│ Open terminal here  · a new terminal window in the project fol…  t │anning…       │"
"│  ID0245 2026-│ Project actions  · open the action menu for the selected p…  Enter │              │"
"│  ID0244 2026-│                                                                    │              │"
"│  ID0243 2026-│                                                                    │              │"
"│  ID0242 2026-│                                                                    │              │"
"│  ID0241 2026-│                                                                    │              │"
"│  ID0240 2026-│                                                                    │              │"
"│  ID0239 2026-│                                                                    │              │"
"│  ID0238 2026-│                                                                    │              │"
"│  ID0237 2026-│                                                                    │              │"
"│              │                                                                    │              │"
"│              │                                                                    │              │"
"│              │                                                                    │              │"
"│              │                                                                    │              │"
"│              │                                                                    │              │"
"└──────────────│                                                                    │──────────────┘"
"┌ ⬡ templates  └────────────────────────────────────────────────────────────────────┘──────────────┐"
"│  ○ client-project ×4  ○ general ×4 …                       ││ Client project · 2 vars · {date}_{…│"
"└────────────────────────────────────────────────────────────┘└────────────────────────────────────┘"
" 12 of 12 projects  ·  ? for help                                                                   "
" ↑↓ move  Enter run  Esc close  # projects only                                                     "
