---
source: tests/tui_snapshots.rs
expression: frame
---
" fast-folder   2 bases                                                               highest ID0248 "
" → projects 12   archive not mounted                                            ⚠ 1 needs attention "
"                                                                                                    "
" ⌕ / to search                                                                 11/11 · newest · 1 ✓ "
"┌ projects ────────────────────────────────────────────────────┐┌ ID0245 ──────────────────────────┐"
"│  ID     PROJECT                                         SIZE ││2026-08-25_Test_Run_ID0245        │"
"│✓ ID0248 2026-08-28_Lullaby_Remix_ID0248            scanning… ││music-video · projects · created  │"
"│  ID0246 2026-08-26_Old_Shoot_ID0246                scanning… ││2026-08-25                        │"
"│▸ ID0245 2026-┌ delete report ─────────────────────────────────────────────────────┐urnal entries │"
"│  ID0244 2026-│ 1 failed:                                                          │              │"
"│  ID0243 2026-│   ID0248: injected fault at 'delete:mid-copy'                      │              │"
"│  ID0242 2026-│                                                                    │              │"
"│  ID0241 2026-│                                                                    │              │"
"│  ID0240 2026-│                                                                    │              │"
"│  ID0239 2026-│                                                                    │              │"
"│  ID0238 2026-│                                                                    │              │"
"│  ID0237 2026-│                                                                    │              │"
"│              │                                                                    │              │"
"│              │                                                                    │              │"
"│              │                                                                    │              │"
"│              │                                                                    │              │"
"│              │                                                                    │              │"
"│              └────────────────────────────────────────────────────────────────────┘              │"
"│                                                              ││                                  │"
"└──────────────────────────────────────────────────────────────┘└──────────────────────────────────┘"
"┌ templates ─────────────────────────────────────────────────┐┌ template ──────────────────────────┐"
"│  client-project 4  music-video 4  general 3                ││ Client project · 2 vars · {date}_{…│"
"└────────────────────────────────────────────────────────────┘└────────────────────────────────────┘"
" 1 deleted, 1 failed                                                                                "
" Esc close  ↑↓ scroll                                                                               "
