---
source: tests/tui_snapshots.rs
expression: frame
---
" fast-folder   library │ templates   2 bases                                                             highest ID0248 "
" → projects 12   archive not mounted                                                                ⚠ 1 needs attention "
"                                                                                                                        "
" ⌕ / to search the templates                                                                                        5/5 "
"┌ templates ─────────────────────────────────┐┌ old-template ──────────────────────────────────────────────────────────┐"
"│  client-project    2                       ││ no template on disk answers to 'old-template'                          │"
"│  general           2                       ││                                                                        │"
"│  music-video       1                       ││ 2 projects name it                                                     │"
"│  old-template      2                       ││                                                                        │"
"│  registered        5                       ││                                                                        │"
"│                                            ││                                                                        │"
"│                                            ││                                                                        │"
"│                                            ││                                                                        │"
"│                                            ││                                                                        │"
"│                                            ││                                                                        │"
"│                                            ││                                                                        │"
"│                                            ││                                                                        │"
"│                                            ││                                                                        │"
"│                                            ││                                                                        │"
"│                                            ││                                                                        │"
"│                                            ││                                                                        │"
"│                                            ││                                                                        │"
"│                                            ││                                                                        │"
"│                                            ││                                                                        │"
"│                                            ││                                                                        │"
"│                                            ││                                                                        │"
"│                                            ││                                                                        │"
"│                                            ││                                                                        │"
"│                                            ││                                                                        │"
"│                                            ││                                                                        │"
"│                                            ││                                                                        │"
"│                                            ││                                                                        │"
"│                                            ││                                                                        │"
"│                                            ││                                                                        │"
"│                                            ││                                                                        │"
"│                                            ││                                                                        │"
"│                                            ││                                                                        │"
"└────────────────────────────────────────────┘└────────────────────────────────────────────────────────────────────────┘"
"                                                                                                                        "
" / search  T templates  f its projects  Enter edit  n new  g from a folder  D delete  ? help  c commands                "
