---
source: tests/tui_snapshots.rs
expression: frame
---
"                                        "
"                                        "
"                                        "
"        fastf needs 40×12 or more       "
"   this window is 40×10: 2 rows short   "
"   make it bigger, or press q to quit   "
"                                        "
"                                        "
"                                        "
"                                        "
