---
source: tests/tui_snapshots.rs
expression: frame
---
" fastf   0 projects   3 templates   2 bases                                          highest ID0248 "
" → projects 0   archive not mounted                                             ⚠ 1 needs attention "
"                                                                                                    "
" ⌕ / to search                                                                         0/0 · newest "
"┌ projects ────────────────────────────────────────────────┐┌ detail ──────────────────────────────┐"
"│  ID   PROJECT        SIZE        CREATED    BASE TEMPLATE││nothing selected                      │"
"│                                                          ││                                      │"
"│nothing here yet — n creates a project, e registers a fol…││                                      │"
"│                                                          ││                                      │"
"│                                                          ││                                      │"
"│               ┌ welcome ─────────────────────────────────────────────────────────┐               │"
"│               │ Where should your projects live?                                 │               │"
"│               │ This folder is your first base — where new projects are created. │               │"
"│               │ Add more later (a second drive, a network share) under Settings. │               │"
"│               │                                                                  │               │"
"│               │ /home/user/Projects                                              │               │"
"│               │ an empty answer skips — the question comes back next time        │               │"
"│               │ Enter create it   Esc skip for now                               │               │"
"│               └──────────────────────────────────────────────────────────────────┘               │"
"│                                                          ││                                      │"
"│                                                          ││                                      │"
"│                                                          ││                                      │"
"│                                                          ││                                      │"
"│                                                          ││                                      │"
"└──────────────────────────────────────────────────────────┘└──────────────────────────────────────┘"
"┌ templates ─────────────────────────────────────────────────┐┌ template ──────────────────────────┐"
"│  client-project 0  general 0  music-video 0                ││ Client project · 2 vars · {date}_{…│"
"└────────────────────────────────────────────────────────────┘└────────────────────────────────────┘"
" no projects yet — press n to create one, or e to register a folder                                 "
" Enter create it  Esc skip for now                                                                  "
