---
source: tests/tui_snapshots.rs
expression: frame
---
" fastf   12 projects   3 templates   2 bases                                         highest ID0248 "
" → projects 12   archive not mounted                                            ⚠ 1 needs attention "
"        ┌ settings ────────────────────────────────────────────────────────────────────────┐        "
" ⌕ / to │ Project basics                                                                   │ newest "
"┌ projec│   Base directory              /mnt/projects                                      │───────┐"
"│  ID   │   Default template            music-video                                        │       │"
"│▸ ID024│   Date format                 %Y-%m-%d   (today: 2026-09-03)                     │d      │"
"│  ID024│   Editor                      nvim                                               │       │"
"│  ID024│   Terminal                    (probe the known ones)                             │es     │"
"│  ID024│   Register pattern            {date}_{name}_{id}                                 │       │"
"│  ID024│ Creating a project                                                               │       │"
"│  ID024│   Confirm before creating     yes                                                │       │"
"│  ID024│   Ask to open after creating  yes                                                │       │"
"│  ID024│   Preview lines               20                                                 │       │"
"│  ID024│   Name collision              suffix                                             │       │"
"│  ID023│ Appearance                                                                       │       │"
"│  ID023│   Theme                       auto (follows the terminal)                        │       │"
"│  ID023│ Library bases                                                                    │       │"
"│       │   Bases                       2 extra                                            │       │"
"│       │   Recent limit                20                                                 │       │"
"│       │ After a project is created                                                       │       │"
"│       │   git init                    yes                                                │       │"
"│       │   Reveal the folder           no                                                 │       │"
"│       │   Open in the editor          no                                                 │       │"
"└───────│▸  Print the path              no                                                 │───────┘"
"┌ templa│ print the absolute path on its own line, for `cd \"$(fastf new …)\"`             │───────┐"
"│  clien│ ↑↓ choose   Enter change / run   Esc close   ? help   c commands                 │ate}_{…│"
"└───────└──────────────────────────────────────────────────────────────────────────────────┘───────┘"
" | saving…                                                                                          "
"                                                                                                    "
