---
source: tests/tui_snapshots.rs
expression: frame
---
" fast-folder   2 bases                                                               highest ID0248 "
" → projects 12   archive not mounted                                            ⚠ 1 needs attention "
"                                                                                                    "
" ⌕ / to search                                                                       12/12 · newest "
"┌ projects ────────────────────────────────────────────────────┐┌ ID0248 ──────────────────────────┐"
"│  ID     PROJECT                                         SIZE ││2026-08-28_Lullaby_Remix_ID0248   │"
"│▸ ID0248 2026-08-28_Lullaby_Remix_ID0248            scanning… ││music-video · projects · created  │"
"│  ID0247 2026-08-27_Client_Onboarding_Acme_ID0247   scanning… ││2026-08-28                        │"
"│  ID0246 2026-08-26_Old_Shoot_ID0246                scanning… ││scanning…   ·   0 journal entries │"
"│  ID024┌ new template · Variables ────────────────────────────────────────────────────────┐       │"
"│  ID024│  Slug               tier                                                         │       │"
"│  ID024│  Label              Engagement type                                              │       │"
"│  ID024│  Type               select                                                       │       │"
"│  ID024│▸ Options            Client, Internal                                             │       │"
"│  ID024│  Default                                                                         │       │"
"│  ID023│  Transform          none                                                         │       │"
"│  ID023│  Required           no                                                           │       │"
"│  ID023│ for a select: the answers, separated by commas                                   │       │"
"│       │ Tab next field   Enter keep   Esc back                                           │       │"
"│       └──────────────────────────────────────────────────────────────────────────────────┘       │"
"│                                                              ││                                  │"
"│                                                              ││                                  │"
"│                                                              ││                                  │"
"│                                                              ││                                  │"
"└──────────────────────────────────────────────────────────────┘└──────────────────────────────────┘"
"┌ templates ─────────────────────────────────────────────────┐┌ template ──────────────────────────┐"
"│  client-project 4  general 4  music-video 4                ││ Client project · 2 vars · {date}_{…│"
"└────────────────────────────────────────────────────────────┘└────────────────────────────────────┘"
"                                                                                                    "
"                                                                                                    "
