---
source: tests/tui_snapshots.rs
expression: frame
---
" fastf   12 projects   3 templates   2 bases                     highest ID0248 "
" → projects 12   archive not mounted                        ⚠ 1 needs attention "
" ⌕ / to search                                                   12/12 · newest "
"┌ projects ────────────────────────────────────────────────────────────────────┐"
"│  ID     PROJECT                                        SIZE        CREATED   │"
"│▸ ID0248 2026-08-28_Lullaby_Remix_ID0248                  scanning… 2026-08-28│"
"│  ID0247 2026-┌ Sort by ───────────────────────────────────────┐ng… 2026-08-27│"
"│  ID0246 2026-│ ⌕                                              │ng… 2026-08-26│"
"│  ID0245 2026-│                                                │ng… 2026-08-25│"
"│  ID0244 2026-│ newest                                         │ng… 2026-08-24│"
"│  ID0243 2026-│ oldest                                         │ng… 2026-08-23│"
"│  ID0242 2026-│ name                                           │ng… 2026-08-22│"
"│  ID0241 2026-│ id                                             │ng… 2026-08-21│"
"│  ID0240 2026-│ template                                       │ng… 2026-08-20│"
"│  ID0239 2026-│ base                                           │ng… 2026-08-19│"
"│  ID0238 2026-│ size                                           │ng… 2026-08-18│"
"│  ID0237 2026-└────────────────────────────────────────────────┘ng… 2026-08-17│"
"│                                                                              │"
"│                                                                              │"
"│                                                                              │"
"│                                                                              │"
"└──────────────────────────────────────────────────────────────────────────────┘"
" 12 of 12 projects   ·   Space marks a row for a batch   ·   ? for help         "
" ↑↓ move  Enter run  Esc close                                                  "
