---
source: tests/tui_snapshots.rs
expression: frame
---
" fastf   0 projects (from index) |   0 templates                                "
" probing bases…                                                                 "
" ⌕ / to search                                                     0/0 · newest "
"┌ projects ────────────────────────────────────────────────────────────────────┐"
"│  ID   PROJECT                SIZE        CREATED    BASE TEMPLATE TAGS       │"
"│                                                                              │"
"│                                                                              │"
"│                                                                              │"
"│                                                                              │"
"│                                                                              │"
"│                                                                              │"
"│                                                                              │"
"│                                                                              │"
"│                                                                              │"
"│                                                                              │"
"│                                                                              │"
"│                                                                              │"
"│                                                                              │"
"│                                                                              │"
"│                                                                              │"
"│                                                                              │"
"└──────────────────────────────────────────────────────────────────────────────┘"
" reading the library…                                                           "
" / search  Enter actions  o open  t terminal                                    "
