---
source: tests/tui_snapshots.rs
expression: frame
---
" fastf   12 projects   3 templates   2 bases                     highest ID0248 "
" →┌ help · project list ─────────────────────────────────────────────────────┐n "
" ⌕│ Navigate                                                                 │t "
"┌ │   Ctrl-z         Suspend                                                 │─┐"
"│ │                  give the terminal back to the shell, as Ctrl-Z does in  │ │"
"│▸│                  any program — `fg` brings fastf back                    │8│"
"│ │   Tab            Next pane                                               │7│"
"│ │                  move focus: projects → detail → templates               │6│"
"│ │   Shift-Tab      Previous pane                                           │5│"
"│ │                  move focus the other way                                │4│"
"│ │   ↓ / j          Down                                                    │3│"
"│ │                  next row, or scroll down (a list wraps at the end)      │2│"
"│ │   ↑ / k          Up                                                      │1│"
"│ │                  previous row, or scroll up (a list wraps at the top)    │0│"
"│ │   PgDn           Page down                                               │9│"
"│ │                  a screenful down (stops at the end)                     │8│"
"│ │   PgUp           Page up                                                 │7│"
"│ │                  a screenful up (stops at the top)                       │ │"
"│ │   Home / g       First row                                               │ │"
"│ │                  jump to the top                                         │ │"
"│ │   End / G        Last row                                                │ │"
"└─└──────────────────────────────────────────────────────────────────────────┘─┘"
" 12 of 12 projects   ·   Space marks a row for a batch   ·   ? for help         "
" Esc close  ↑↓ scroll                                                           "
