---
source: tests/tui_snapshots.rs
expression: frame
---
" fast-folder   2 bases                                                               highest ID0248 "
" → projects 12   archive not mounted                                            ⚠ 1 needs attention "
"                                                                                                    "
" ⌕ / to search                                                                       12/12 · newest "
"┌ projects ────────────────────────────────────────────────────┐┌ ID0248 ──────────────────────────┐"
"│  ID     PROJECT                                         SIZE ││2026-08-28_Lullaby_Remix_ID0248   │"
"│▸ ID0248 2026-08-28_Lullaby_Remix_ID0248            scanning… ││music-video · projects · created  │"
"│  ID0247 2026-08-27_Client_Onboarding_Acme_ID0247   scanning… ││2026-08-28                        │"
"│  ID0246 2026-08-26_Old_Shoot_ID0246                scanning… ││scanning…   ·   0 journal entries │"
"│  ID0245 2026-08-25_Test_Run_ID0245                 scanning… ││tags  ● draft                     │"
"│  ID0244 2026-08-24_Spring_Campaign_ID0244          scanning… ││                                  │"
"│  ID0243 2026-08-23_Li┌ moving ────────────────────────────────────────────┐                      │"
"│  ID0242 2026-08-22_Lu│ copying                                            │                      │"
"│  ID0241 2026-08-21_Cl│ ███████████████░░░░░░░░░░░░░░░░░░░░░░░░░░░░░░  34% │                      │"
"│  ID0240 2026-08-20_Ol│ 12 of 34 files   1.1 MB of 3.3 MB                  │                      │"
"│  ID0239 2026-08-19_Te│ 03_Assets/raw/footage_A001.mov                     │                      │"
"│  ID0238 2026-08-18_Sp│                                                    │                      │"
"│  ID0237 2026-08-17_Li│ Ctrl-C cancels                                     │                      │"
"│                      └────────────────────────────────────────────────────┘                      │"
"│                                                              ││                                  │"
"│                                                              ││                                  │"
"│                                                              ││                                  │"
"│                                                              ││                                  │"
"│                                                              ││                                  │"
"└──────────────────────────────────────────────────────────────┘└──────────────────────────────────┘"
"┌ templates ─────────────────────────────────────────────────┐┌ template ──────────────────────────┐"
"│  client-project 4  general 4  music-video 4                ││ Client project · 2 vars · {date}_{…│"
"└────────────────────────────────────────────────────────────┘└────────────────────────────────────┘"
" | moving…                                                                                          "
" / search  a actions  o open  t terminal  y copy path  Space mark  n new  ? help  c commands        "
