---
source: tests/tui_snapshots.rs
expression: frame
---
" fastf  ◈ 12 projects · ⬡ 3 templates · ⌂ 2 bases · ▲ ID0248 · ⚠ 1 needs atten… "
" ── pulse ──  client-project ████████ 4   general ████████ 4                    "
" ⌕ / to search  ·  words match a name, id, template or tag; t…   12/12 · newest "
"┌ ◈ projects ──────────────────────────────────────────────────────────────────┐"
"│  ID     PROJECT                                        CREATED    SIZE       │"
"│▸ ID0248 2026-08-28_Lullaby_Remix_ID0248                2026-08-28   scanning…│"
"│  ID0247 2026-08-27_Client_Onboarding_Acme_ID0247       2026-08-27   scanning…│"
"│  ID0246 2026-08-26_Old_Shoot_ID0246                    2026-08-26   scanning…│"
"│  ID0245 2026-08-25_Test_Run_ID0245                     2026-08-25   scanning…│"
"│  ID0244 2026-08-24_Spring_Campaign_ID0244              2026-08-24   scanning…│"
"│  ID0243 2026-08-23_Live_Session_ID0243                 2026-08-23   scanning…│"
"│  ID0242 2026-08-22_Lullaby_Remix_ID0242                2026-08-22   scanning…│"
"│  ID0241 2026-08-21_Client_Onboarding_Acme_ID0241       2026-08-21   scanning…│"
"│  ID0240 2026-08-20_Old_Shoot_ID0240                    2026-08-20   scanning…│"
"│  ID0239 2026-08-19_Test_Run_ID0239                     2026-08-19   scanning…│"
"│  ID0238 2026-08-18_Spring_Campaign_ID0238              2026-08-18   scanning…│"
"│  ID0237 2026-08-17_Live_Session_ID0237                 2026-08-17   scanning…│"
"│                                                                              │"
"│                                                                              │"
"│                                                                              │"
"│                                                                              │"
"└──────────────────────────────────────────────────────────────────────────────┘"
" 12 of 12 projects  ·  ? for help                                               "
" / search  Enter actions  o open  t terminal                                    "
