---
source: tests/tui_snapshots.rs
expression: frame
---
" fastf   12 projects   3 templates   2 bases                                         highest ID0248 "
" → projects 12   archive not mounted                                            ⚠ 1 needs attention "
"        ┌ settings ────────────────────────────────────────────────────────────────────────┐        "
" ⌕ / to │ Project basics                                                                   │ newest "
"┌ projec│   Base directory              /mnt/projects                                      │───────┐"
"│  ID   │   Default template            music-video                                        │       │"
"│▸ ID024│   Date format                 %Y-%m-%d   (today: 2026-09-03)                     │d      │"
"│  ID024│   Editor                      nvim                                               │       │"
"│  ID024│   Terminal                    (probe the known ones)                             │es     │"
"│  ID024│   Register pattern            {date}_{name}_{id}                                 │       │"
"│  ID024│ Creating a project                                                               │       │"
"│  ID024│   Confirm before creating     yes                                                │       │"
"│  ID024│   Ask to open after creating  yes                                                │       │"
"│  ID024│   Preview lines               20                                                 │       │"
"│  ID024│   Name collision              suffix                                             │       │"
"│  ID023│ Library bases                                                                    │       │"
"│  ID023│┌ one base per line ─────────────────────────────────────────────────────────────┐│       │"
"│  ID023││/media/usb/archive                                                              ││       │"
"│       ││/mnt/shared/clients                                                             ││       │"
"│       │└────────────────────────────────────────────────────────────────────────────────┘│       │"
"│       │   Reveal the folder           no                                                 │       │"
"│       │   Open in the editor          no                                                 │       │"
"│       │   Print the path              no                                                 │       │"
"│       │ ID counter                                                                       │       │"
"└───────│   Counter                     248   next: ID0249                                 │───────┘"
"┌ templa│ one folder per line — Enter opens the list, Ctrl-S keeps it                      │───────┐"
"│  clien│ Ctrl-S keep   Enter new line   Esc leave it unchanged                            │ate}_{…│"
"└───────└──────────────────────────────────────────────────────────────────────────────────┘───────┘"
" 12 of 12 projects   ·   ? for help                                                                 "
"                                                                                                    "
