---
source: tests/tui_snapshots.rs
expression: frame
---
" fastf   12 projects   3 templates   2 bases                                         highest ID0248 "
" → projects 12   archive 0                                                      ⚠ 1 needs attention "
"                                                                                                    "
" ⌕ / to search                                                                 12/12 · newest · 2 ✓ "
"┌ projects ────────────────────────────────────────────────┐┌ ID0246 ──────────────────────────────┐"
"│  ID     PROJECT                                  BASE    ││2026-08-26_Old_Shoot_ID0246           │"
"│✓ ID0248 2026-08-28_Lullaby_Remix_ID0248          projects││client-project · projects · created   │"
"│✓ ID0247 2026-08-27_Client_Onboarding_Acme_ID0247 projects││2026-08-26                            │"
"│▸ ID0246 2026-08-26_Old_Shoot_ID0246              projects││scanning…   ·   0 journal entries     │"
"│  ID0245 2026-08-┌ moving ──────────────────────────────────────────────────────┐                 │"
"│  ID0244 2026-08-│ moving 1 of 2                                                │                 │"
"│  ID0243 2026-08-│ 2026-08-28_Lullaby_Remix_ID0248                              │                 │"
"│  ID0242 2026-08-│ copying 1.1 MB of 3.3 MB                                     │                 │"
"│  ID0241 2026-08-│                                                              │                 │"
"│  ID0240 2026-08-│ Esc or Ctrl-C cancels — the projects that have not run stay m│                 │"
"│  ID0239 2026-08-│                                                              │                 │"
"│  ID0238 2026-08-│                                                              │                 │"
"│  ID0237 2026-08-│                                                              │                 │"
"│                 │                                                              │                 │"
"│                 └──────────────────────────────────────────────────────────────┘                 │"
"│                                                          ││                                      │"
"│                                                          ││                                      │"
"│                                                          ││                                      │"
"│                                                          ││                                      │"
"└──────────────────────────────────────────────────────────┘└──────────────────────────────────────┘"
"┌ templates ─────────────────────────────────────────────────┐┌ template ──────────────────────────┐"
"│  client-project 4  general 4  music-video 4                ││ Client project · 2 vars · {date}_{…│"
"└────────────────────────────────────────────────────────────┘└────────────────────────────────────┘"
" | moving…                                                                                          "
" / search  a actions  o open  t terminal  y copy path                                               "
