---
source: tests/tui_snapshots.rs
expression: frame
---
" fastf   12 projects   3 templates   2 bases                                         highest ID0248 "
" → projects 12   archive not mounted                                            ⚠ 1 needs attention "
"                                                                                                    "
" ⌕ / to search                                                                       12/12 · newest "
"┌ projects ───────────────────────────────────────────────────┐┌ ID0248 ───────────────────────────┐"
"│  ID     PROJECT                                  SIZE       ││2026-08-28_Lullaby_Remix_ID0248    │"
"│▸ ID0248 2026-08-28_Lullaby_Remix_ID0248            scanning…││music-video · projects · created   │"
"│  ID0247 2026-08-27_Client_Onboarding_Acme_ID0247   scanning…││2026-08-28                         │"
"│  ID0246 2026-08-26_Old_Shoot_ID0246                scanning…││scanning…   ·   0 journal entries  │"
"│  ID0245 20┌ apply a template · preview ──────────────────────────────────────────────┐           │"
"│  ID0244 20│ → /mnt/projects/Existing_Folder                                          │           │"
"│  ID0243 20│                                                                          │           │"
"│  ID0242 20│ create 00_Inbox                                                          │           │"
"│  ID0241 20│ skip   01_Working                                                        │           │"
"│  ID0240 20│ create BRIEF.md                                                          │           │"
"│  ID0239 20│                                                                          │           │"
"│  ID0238 20│ 2 to create   1 already there                                            │           │"
"│  ID0237 20│                                                                          │           │"
"│           │                                                                          │           │"
"│           │ Enter applies it   Esc back to the answers   ↑ ↓ scroll                  │           │"
"│           └──────────────────────────────────────────────────────────────────────────┘           │"
"│                                                             ││                                   │"
"│                                                             ││                                   │"
"│                                                             ││                                   │"
"└─────────────────────────────────────────────────────────────┘└───────────────────────────────────┘"
"┌ templates ─────────────────────────────────────────────────┐┌ template ──────────────────────────┐"
"│  client-project 4  general 4  music-video 4                ││ Client project · 2 vars · {date}_{…│"
"└────────────────────────────────────────────────────────────┘└────────────────────────────────────┘"
" 12 of 12 projects   ·   Space marks a row for a batch   ·   ? for help                             "
"                                                                                                    "
