---
source: tests/tui_snapshots.rs
expression: frame
---
" fastf   12 projects   3 templates   2 bases                                         highest ID0248 "
" → projects 12   archive not mounted                                            ⚠ 1 needs attention "
"                                                                                                    "
" ⌕ / to search                                                                       12/12 · newest "
"┌ projects ────────────────────────────────────────────────┐┌ ID0248 ──────────────────────────────┐"
"│  ID     PROJECT ┌ ID0248 · actions ────────────────────────────────────────────┐mix_ID0248       │"
"│▸ ID0248 2026-08-│ o      Open project folder     reveal it in the file mana…   │s · created      │"
"│  ID0247 2026-08-│ t      Open terminal here      a new terminal window in t…   │                 │"
"│  ID0246 2026-08-│ y      Copy path               put the project's folder p…   │rnal entries     │"
"│  ID0245 2026-08-│ p      Show path               print the full path in the…   │                 │"
"│  ID0244 2026-08-│ A      Add a tag               pick one the library alrea…   │                 │"
"│  ID0243 2026-08-│ Ctrl-t Remove tags             tick the tags to take off …   │                 │"
"│  ID0242 2026-08-│        Re-derive tags          recompute the template's a…   │                 │"
"│  ID0241 2026-08-│ N      New note                write a journal note in yo…   │                 │"
"│  ID0240 2026-08-│ Ctrl-n Quick note              type a short journal note …   │                 │"
"│  ID0239 2026-08-│ r      Rename folder           change the folder's name o…   │                 │"
"│  ID0238 2026-08-│ m      Move to another base    no other base is mounted r…   │                 │"
"│  ID0237 2026-08-│ u      Unregister (keep files) remove its PROJECT_INFO.md…   │                 │"
"│                 │ D      Delete folder permanentlydelete the project and eve…  │                 │"
"│                 │ M      Show metadata           the project's frontmatter …   │                 │"
"│                 │ J      Show journal            every note ever added to t…   │                 │"
"│                 │                                                              │                 │"
"│                 │                                                              │                 │"
"│                 └──────────────────────────────────────────────────────────────┘                 │"
"└──────────────────────────────────────────────────────────┘└──────────────────────────────────────┘"
"┌ templates ─────────────────────────────────────────────────┐┌ template ──────────────────────────┐"
"│  client-project 4  general 4  music-video 4                ││ Client project · 2 vars · {date}_{…│"
"└────────────────────────────────────────────────────────────┘└────────────────────────────────────┘"
" 12 of 12 projects   ·   Space marks a row for a batch   ·   ? for help                             "
" Enter run  o open  t terminal  y copy path  Esc close  ? help  c commands                          "
