---
source: tests/tui_snapshots.rs
expression: frame
---
" fastf   12 projects   3 templates   2 bases                                         highest ID0248 "
" → projects 12   archive not mounted                                            ⚠ 1 needs attention "
"        ┌ help · project list ─────────────────────────────────────────────────────────────┐        "
" ⌕ / to │ Navigate                                                                         │ newest "
"┌ projec│   Ctrl-z         Suspend                           give the terminal back to the │───────┐"
"│  ID   │                                                    shell, as Ctrl-Z does in any  │248    │"
"│▸ ID024│                                                    program — `fg` brings fastf   │ated   │"
"│  ID024│                                                    back                          │       │"
"│  ID024│   Tab            Next pane                         move focus: projects → detail │tries  │"
"│  ID024│                                                    → templates                   │       │"
"│  ID024│   Shift-Tab      Previous pane                     move focus the other way      │       │"
"│  ID024│   ↓ / j          Down                              next row, or scroll down (a   │       │"
"│  ID024│                                                    list wraps at the end)        │       │"
"│  ID024│   ↑ / k          Up                                previous row, or scroll up (a │       │"
"│  ID024│                                                    list wraps at the top)        │       │"
"│  ID023│   PgDn           Page down                         a screenful down (stops at the│       │"
"│  ID023│                                                    end)                          │       │"
"│  ID023│   PgUp           Page up                           a screenful up (stops at the  │       │"
"│       │                                                    top)                          │       │"
"│       │   Home / g       First row                         jump to the top               │       │"
"│       │   End / G        Last row                          jump to the bottom            │       │"
"│       │   i              Toggle the detail pane            show or hide the pane beside  │       │"
"│       │                                                    the list                      │       │"
"│       │   q              Quit                              leave fastf                   │       │"
"└───────│   Esc            Back                              one step back: cancel a       │───────┘"
"┌ templa│                                                    running job, clear the search,│───────┐"
"│  clien│                                                    the filter, the marks — then  │ate}_{…│"
"└───────└──────────────────────────────────────────────────────────────────────────────────┘───────┘"
" 12 of 12 projects   ·   Space marks a row for a batch   ·   ? for help                             "
" Esc close  ↑↓ scroll                                                                               "
