---
source: tests/tui_snapshots.rs
expression: frame
---
" fast-folder   library │ templates   2 bases                                                             highest ID0248 "
" → projects 6   archive not mounted                                                                 ⚠ 1 needs attention "
"                                                                                                                        "
" ⌕ / to search                                                                                             6/6 · newest "
"┌ projects ────────────────────────────────────────────────────────────────────────────────────────────────────────────┐"
"│  ID     PROJECT                                                                             SIZE CREATED    BASE     │"
"│▸ ID0248 2026-08-20_A_Very_Long_Client_Name_And_A_Longer_Project_Title_ID0248           scanning… 2026-08-28 projects │"
"│  ID0247 2026-08-21_A_Very_Long_Client_Name_And_A_Longer_Project_Title_ID0247           scanning… 2026-08-27 projects │"
"│  ID0246 2026-08-22_A_Very_Long_Client_Name_And_A_Longer_Project_Title_ID0246           scanning… 2026-08-26 projects │"
"│  ID0245 2026-08-23_A_Very_Long_Client_Name_And_A_Longer_Project_Title_ID0245           scanning… 2026-08-25 projects │"
"│  ID0244 2026-08-24_A_Very_Long_Client_Name_And_A_Longer_Project_Title_ID0244           scanning… 2026-08-24 projects │"
"│  ID0243 2026-08-25_A_Very_Long_Client_Name_And_A_Longer_Project_Title_ID0243           scanning… 2026-08-23 projects │"
"└──────────────────────────────────────────────────────────────────────────────────────────────────────────────────────┘"
"┌ ID0248 ──────────────────────────────────────────────────────────────────────────────────────────────────────────────┐"
"│ 2026-08-20_A_Very_Long_Client_Name_And_A_Longer_Project_Title_ID0248                                                 │"
"│ music-video   ·   projects   ·   created 2026-08-28                                                                  │"
"│ scanning…                                                                                                            │"
"│ ── tags ──────────────────────────────────────────────────────────────────────────────────────────────────────────── │"
"│ ● draft                                                                                                              │"
"│ · add a tag                                                                                                          │"
"│ reading…                                                                                                             │"
"│                                                                                                                      │"
"│                                                                                                                      │"
"│                                                                                                                      │"
"│                                                                                                                      │"
"│                                                                                                                      │"
"│                                                                                                                      │"
"│                                                                                                                      │"
"│                                                                                                                      │"
"│                                                                                                                      │"
"│                                                                                                                      │"
"│                                                                                                                      │"
"│                                                                                                                      │"
"│                                                                                                                      │"
"│                                                                                                                      │"
"│                                                                                                                      │"
"│                                                                                                                      │"
"└──────────────────────────────────────────────────────────────────────────────────────────────────────────────────────┘"
"                                                                                                                        "
" / search  a actions  o open  t terminal  y copy path  Space mark  n new  T templates  → pane  ? help  c commands       "
