---
source: tests/tui_snapshots.rs
expression: frame
---
" fastf  ◈ 0 projects (from index) | · ⬡ 0 templates                             "
" ── pulse ──                                                                    "
" ⌕ / to search  ·  words match fuzzily, tag:x  template=y  crea…   0/0 · newest "
"┌ ◈ projects ──────────────────────────────────────────────────────────────────┐"
"│  ID   PROJECT                CREATED    SIZE        BASE TEMPLATE TAGS       │"
"│                                                                              │"
"│                                                                              │"
"│                                                                              │"
"│                                                                              │"
"│                                                                              │"
"│                                                                              │"
"│                                                                              │"
"│                                                                              │"
"│                                                                              │"
"│                                                                              │"
"│                                                                              │"
"│                                                                              │"
"│                                                                              │"
"│                                                                              │"
"│                                                                              │"
"│                                                                              │"
"└──────────────────────────────────────────────────────────────────────────────┘"
" reading the library…                                                           "
" / search  Enter actions  o open  t terminal                                    "
