---
source: tests/tui_snapshots.rs
expression: frame
---
" fast-folder   2 bases                                                               highest ID0248 "
" → projects 12   archive 0                                                      ⚠ 1 needs attention "
"                                                                                                    "
" ⌕ / to search                                                                 12/12 · newest · 2 ✓ "
"┌ projects ────────────────────────────────────────────────────┐┌ ID0246 ──────────────────────────┐"
"│  ID     PROJECT                                         SIZE ││2026-08-26_Old_Shoot_ID0246       │"
"│✓ ID0248 2026-08-28_Lullaby_Remix_ID0248            scanning… ││client-project · projects ·       │"
"│✓ ID0247 2026-08-27_Client_Onboarding_Acme_ID0247   scanning… ││created 2026-08-26                │"
"│▸ ID0246 2026-08-26_Old_Shoot_ID0246                scanning… ││scanning…   ·   0 journal entries │"
"│  ID0245 2026-08-25_Test_Run_ID0245                 scanning… ││                                  │"
"│  ID0244 2026-0┌ moving ──────────────────────────────────────────────────────────┐               │"
"│  ID0243 2026-0│ moving 1 of 2                                                    │               │"
"│  ID0242 2026-0│ ░░░░░░░░░░░░░░░░░░░░░░░░░░░░░░░░░░░░░░░░░░░░░░░░░░░░░░░░░░░   0% │               │"
"│  ID0241 2026-0│ 2026-08-28_Lullaby_Remix_ID0248                                  │               │"
"│  ID0240 2026-0│ copying 1.1 MB of 3.3 MB                                         │               │"
"│  ID0239 2026-0│ ████████████████████░░░░░░░░░░░░░░░░░░░░░░░░░░░░░░░░░░░░░░░  34% │               │"
"│  ID0238 2026-0│                                                                  │               │"
"│  ID0237 2026-0│ Esc or Ctrl-C cancels — the rest stay marked                     │               │"
"│               └──────────────────────────────────────────────────────────────────┘               │"
"│                                                              ││                                  │"
"│                                                              ││                                  │"
"│                                                              ││                                  │"
"│                                                              ││                                  │"
"│                                                              ││                                  │"
"└──────────────────────────────────────────────────────────────┘└──────────────────────────────────┘"
"┌ templates ─────────────────────────────────────────────────┐┌ template ──────────────────────────┐"
"│  client-project 4  general 4  music-video 4                ││ Client project · 2 vars · {date}_{…│"
"└────────────────────────────────────────────────────────────┘└────────────────────────────────────┘"
" | moving…                                                                                          "
" / search  a actions  o open  t terminal  y copy path  Space mark  n new  ? help  c commands        "
