---
source: tests/tui_snapshots.rs
expression: frame
---
" fastf   12 projects   3 templates   2 bases                                                             highest ID0248 "
" → projects 12   archive not mounted                                                                ⚠ 1 needs attention "
"                                                                                                                        "
" ⌕ / to search                                                                                           12/12 · newest "
"┌ projects ────────────────────────────────────────────────────────────┐┌ ID0248 ──────────────────────────────────────┐"
"│  ID     PROJECT                                   CREATED    BASE    ││2026-08-28_Lullaby_Remix_ID0248               │"
"│▸ ID0248 2026-08-28_Lullaby_Remix_ID0248           2026-08-28 projects││music-video · projects · created 2026-08-28   │"
"│  ID0247 2026-08-27_Client_Onboarding_Acme_ID0247  2026-08-27 projects││3.2 MB   ·   0 journal entries                │"
"│  ID0246 2026-08-26_Old_Shoot_ID0246               2026-08-26 projects││tags  ● draft                                 │"
"│  ID0245 2026-08-25_Test_Run_ID0245                2026-08-25 projects││                                              │"
"│  ID0244 2026-08-24_Spring_Campaign_ID0244         2026-08-24 projects││reading…                                      │"
"│  ID0243 2026-08-23_Live_Session_ID0243            2026-08-23 projects││                                              │"
"│  ID0242 2026-08-22_Lullaby_Remix_ID0242           2026-08-22 projects││                                              │"
"│  ID0241 2026-08-21_Client_Onboarding_Acme_ID0241  2026-08-21 projects││                                              │"
"│  ID0240 2026-08-20_Old_Shoot_ID0240               2026-08-20 projects││                                              │"
"│  ID0239 2026-08-19_Test_Run_ID0239                2026-08-19 projects││                                              │"
"│  ID0238 2026-08-18_Spring_Campaign_ID0238         2026-08-18 projects││                                              │"
"│  ID0237 2026-08-17_Live_Session_ID0237            2026-08-17 projects││                                              │"
"│                                                                      ││                                              │"
"│                                                                      ││                                              │"
"│                                                                      ││                                              │"
"│                                                                      ││                                              │"
"│                                                                      ││                                              │"
"│                                                                      ││                                              │"
"│                                                                      ││                                              │"
"│                                                                      ││                                              │"
"│                                                                      ││                                              │"
"│                                                                      ││                                              │"
"│                                                                      ││                                              │"
"│                                                                      ││                                              │"
"│                                                                      ││                                              │"
"│                                                                      ││                                              │"
"│                                                                      ││                                              │"
"│                                                                      ││                                              │"
"└──────────────────────────────────────────────────────────────────────┘└──────────────────────────────────────────────┘"
"┌ templates ─────────────────────────────────────────────────────────────┐┌ template ──────────────────────────────────┐"
"│  client-project 4  general 4  music-video 4                            ││ Client project · 2 vars · {date}_{client}_…│"
"└────────────────────────────────────────────────────────────────────────┘└────────────────────────────────────────────┘"
" 12 of 12 projects   ·   ? for help                                                                                     "
" / search  Enter actions  o open  t terminal  y copy path  n new                                                        "
