---
source: tests/tui_snapshots.rs
expression: frame
---
" fastf   12 projects   3 templates   2 bases                     highest ID0248 "
" →┌ help · project list ─────────────────────────────────────────────────────┐n "
" ⌕│ Navigate                                                                 │t "
"┌ │   Tab            Next pane                                               │─┐"
"│ │                  move focus: projects → detail → templates               │ │"
"│▸│   Shift-Tab      Previous pane                                           │8│"
"│ │                  move focus the other way                                │7│"
"│ │   ↓ / j          Down                                                    │6│"
"│ │                  next row, or scroll down (a list wraps at the end)      │5│"
"│ │   ↑ / k          Up                                                      │4│"
"│ │                  previous row, or scroll up (a list wraps at the top)    │3│"
"│ │   PgDn           Page down                                               │2│"
"│ │                  a screenful down (stops at the end)                     │1│"
"│ │   PgUp           Page up                                                 │0│"
"│ │                  a screenful up (stops at the top)                       │9│"
"│ │   Home / g       First row                                               │8│"
"│ │                  jump to the top                                         │7│"
"│ │   End / G        Last row                                                │ │"
"│ │                  jump to the bottom                                      │ │"
"│ │   i              Toggle the detail pane                                  │ │"
"│ │                  show or hide the pane beside the list                   │ │"
"└─└──────────────────────────────────────────────────────────────────────────┘─┘"
" 12 of 12 projects   ·   Space marks a row for a batch   ·   ? for help         "
" Esc close  ↑↓ scroll                                                           "
