---
source: tests/tui_snapshots.rs
expression: frame
---
" fastf   12 projects   3 templates   2 bases                                         highest ID0248 "
" → projects 12   archive not mounted                                            ⚠ 1 needs attention "
"                                                                                                    "
" ⌕ / to search                                                                       12/12 · newest "
"┌ projects ────────────────────────────────────────────────┐┌ ID0248 ──────────────────────────────┐"
"│  ID     PROJECT                                  BASE    ││2026-08-28_Lullaby_Remix_ID0248       │"
"│▸ ID0248 2026-08-28_Lullaby_Remix_ID0248          projects││music-video · projects · created      │"
"│  ID0247 2026-08-27_Client_Onboarding_Acme_ID0247 projects││2026-08-28                            │"
"│  ID0246 2026-08-26_Old_Shoot_ID0246              projects││scanning…   ·   0 journal entries     │"
"│  ID0245 2026-08-25_Test_Run_ID0245               projects││tags  ● draft                         │"
"│  ID0244 2026-08-24_Spring_Campaign_ID0244        projects││                                      │"
"│  ID0243 2026-08-2┌ delete ────────────────────────────────────────────────────┐                  │"
"│  ID0242 2026-08-2│ Type delete to confirm — '2026-08-28_Lullaby_Remix_ID0248' │                  │"
"│  ID0241 2026-08-2│ and everything inside it will be gone                      │                  │"
"│  ID0240 2026-08-2│                                                            │                  │"
"│  ID0239 2026-08-1│ delet                                                      │                  │"
"│  ID0238 2026-08-1│ type delete to confirm — nothing deleted                   │                  │"
"│  ID0237 2026-08-1│                                                            │                  │"
"│                  └────────────────────────────────────────────────────────────┘                  │"
"│                                                          ││                                      │"
"│                                                          ││                                      │"
"│                                                          ││                                      │"
"│                                                          ││                                      │"
"│                                                          ││                                      │"
"└──────────────────────────────────────────────────────────┘└──────────────────────────────────────┘"
"┌ templates ─────────────────────────────────────────────────┐┌ template ──────────────────────────┐"
"│  client-project 4  general 4  music-video 4                ││ Client project · 2 vars · {date}_{…│"
"└────────────────────────────────────────────────────────────┘└────────────────────────────────────┘"
" 12 of 12 projects   ·   Space marks a row for a batch   ·   ? for help                             "
" Enter confirm  Esc cancel                                                                          "
