---
source: tests/tui_snapshots.rs
expression: frame
---
" fastf  ◈ 12 projects · ⬡ 3 templates · ⌂ 2 bases · ▲ ID0248 · ⚠ 1 needs attention                  "
" bases  → projects (12)  ·  archive (not mounted)                                                   "
" ── puls┌ help · project list ─────────────────────────────────────────────────────────────┐        "
" newest │ Navigate                                                                         │        "
" ⌕ / to │   Esc            Back                          close the dialog, leave the sear… │ newest "
"┌ ◈ proj│   q              Quit                          leave fastf                       │───────┐"
"│  ID   │   Tab            Next pane                     move focus: projects → detail → … │       │"
"│▸ ID024│   Shift-Tab      Previous pane                 move focus the other way          │d      │"
"│  ID024│   ↓ / j          Down                          next row (wraps at the end)       │       │"
"│  ID024│   ↑ / k          Up                            previous row (wraps at the top)   │       │"
"│  ID024│   PgDn           Page down                     a screenful down (stops at the e… │       │"
"│  ID024│   PgUp           Page up                       a screenful up (stops at the top) │       │"
"│  ID024│   Home / g       First row                     jump to the top                   │       │"
"│  ID024│   End / G        Last row                      jump to the bottom                │       │"
"│  ID024│   i              Toggle the detail pane        show or hide the pane beside the… │       │"
"│  ID024│                                                                                  │       │"
"│  ID023│ Search and filter                                                                │       │"
"│  ID023│   /              Search                        type a query: words match fuzzil… │       │"
"│  ID023│   Ctrl-u         Clear the search              show every project again          │       │"
"│       │   s              Sort: next order              newest → oldest → name → id → te… │       │"
"│       │   S              Sort by…                      pick the order from a list        │       │"
"│       │   f              Filter by this project's templateshow only projects made from th│       │"
"│       │   F              Clear the template filter     show every template's projects a… │       │"
"│       │                                                                                  │       │"
"└───────│ Project                                                                          │───────┘"
"┌ ⬡ temp│   Enter          Project actions               open the action menu for the sel… │───────┐"
"│  ○ cli│   o              Open project folder           reveal it in the file manager     │ate}_{…│"
"└───────└──────────────────────────────────────────────────────────────────────────────────┘───────┘"
" 12 of 12 projects  ·  ? for help                                                                   "
" Esc close  ↑↓ scroll                                                                               "
