---
source: tests/tui_snapshots.rs
expression: frame
---
" fast-folder   library │ templates   2 bases                                                             highest ID0248 "
" → projects 6   archive not mounted                                                                 ⚠ 1 needs attention "
"                                                                                                                        "
" ⌕ / to search                                                                                             6/6 · newest "
"┌ projects ────────────────────────────────────────────────────────────────────────────────┐┌ ID0248 ──────────────────┐"
"│  ID     PROJECT                                                                     SIZE ││2026-08-20_A_Very_Long_Cli│"
"│▸ ID0248 2026-08-20_A_Very_Long_Client_Name_And_A_Longer_Project_Title_ID0248   scanning… ││ent_Name_And_A_Longer_Proj│"
"│  ID0247 2026-08-21_A_Very_Long_Client_Name_And_A_Longer_Project_Title_ID0247   scanning… ││ect_Title_ID0248          │"
"│  ID0246 2026-08-22_A_Very_Long_Client_Name_And_A_Longer_Project_Title_ID0246   scanning… ││music-video · projects ·  │"
"│  ID0245 2026-08-23_A_Very_Long_Client_Name_And_A_Longer_Project_Title_ID0245   scanning… ││created 2026-08-28        │"
"│  ID0244 2026-08-24_A_Very_Long_Client_Name_And_A_Longer_Project_Title_ID0244   scanning… ││scanning…   ·   0 journal │"
"│  ID0243 2026-08-25_A_Very_Long_Client_Name_And_A_Longer_Project_Title_ID0243   scanning… ││entries                   │"
"│                                                                                          ││tags  ● draft             │"
"│                                                                                          ││                          │"
"│                                                                                          ││reading…                  │"
"│                                                                                          ││                          │"
"│                                                                                          ││                          │"
"│                                                                                          ││                          │"
"│                                                                                          ││                          │"
"│                                                                                          ││                          │"
"│                                                                                          ││                          │"
"│                                                                                          ││                          │"
"│                                                                                          ││                          │"
"│                                                                                          ││                          │"
"│                                                                                          ││                          │"
"│                                                                                          ││                          │"
"│                                                                                          ││                          │"
"│                                                                                          ││                          │"
"│                                                                                          ││                          │"
"│                                                                                          ││                          │"
"│                                                                                          ││                          │"
"│                                                                                          ││                          │"
"│                                                                                          ││                          │"
"│                                                                                          ││                          │"
"│                                                                                          ││                          │"
"│                                                                                          ││                          │"
"│                                                                                          ││                          │"
"└──────────────────────────────────────────────────────────────────────────────────────────┘└──────────────────────────┘"
"                                                                                                                        "
" / search  a actions  o open  t terminal  y copy path  Space mark  n new  T templates  ? help  c commands               "
