---
source: tests/tui_snapshots.rs
expression: frame
---
" fast-folder   2 bases                                           highest ID0248 "
" →┌ help · project list ─────────────────────────────────────────────────────┐n "
" ⌕│ Navigate                                                                 │t "
"┌ │   Ctrl-z         Suspend                                                 │─┐"
"│ │                  give the terminal back to the shell, as Ctrl-Z does in  │ │"
"│▸│                  any program — `fg` brings fastf back                    │ │"
"│ │   Tab            Next pane                                               │ │"
"│ │                  move focus: projects → detail → templates               │ │"
"│ │   Shift-Tab      Previous pane                                           │ │"
"│ │                  move focus the other way                                │ │"
"│ │   ↓ / j          Down                                                    │ │"
"│ │                  next row, or scroll down (a list wraps at the end)      │ │"
"│ │   ↑ / k          Up                                                      │ │"
"│ │                  previous row, or scroll up (a list wraps at the top)    │ │"
"│ │   PgDn           Page down                                               │ │"
"│ │                  a screenful down (stops at the end)                     │ │"
"│ │   PgUp           Page up                                                 │ │"
"│ │                  a screenful up (stops at the top)                       │ │"
"│ │   Home / g       First row                                               │ │"
"│ │                  jump to the top                                         │ │"
"│ │   End / G        Last row                                                │ │"
"└─└──────────────────────────────────────────────────────────────────────────┘─┘"
"                                                                                "
" Esc close  ↑↓ scroll                                                           "
